// Jest Snapshot v1, https://goo.gl/fbAQLP

exports[`LoginForm renders 1`] = `
"<div>
  <nuxtlogo class=\\"tw-text-white md:tw-hidden tw-text-logo tw-mb-6\\"></nuxtlogo>
  <form id=\\"signInForm\\">

    <div class=\\"field\\"><label class=\\"label\\">Email</label>
      <p><input type=\\"email\\" placeholder=\\"Enter your email\\" required=\\"required\\" class=\\"\\"></p>
    </div>
    <div class=\\"field\\"><label for=\\"password\\" class=\\"label\\">Password</label>
      <p><input type=\\"password\\" placeholder=\\"Enter your password\\" required=\\"required\\" class=\\"\\"></p>
    </div> <button type=\\"submit\\" class=\\"submit-btn tw-mt-5\\">
      Log in
    </button>
  </form>
</div>"
`;
